Aug 06 18:52:53.554 [notice] Tor 0.4.9.11 (git-f3d28b2e0978ca07) running on Windows 8 [or later] with Libevent 2.1.12-stable, OpenSSL 3.5.7, Zlib 1.3.2, Liblzma N/A, Libzstd N/A and Unknown N/A as libc.
Aug 06 18:52:53.554 [notice] Tor can't help you if you use it wrong! Learn how to be safe at https://support.torproject.org/faq/staying-anonymous/
Aug 06 18:52:53.585 [notice] Read configuration file "C:\Users\HomePC\Desktop\website Projects\lead generation automation\tools\tor\torrc".
Aug 06 18:52:53.601 [warn] Path for GeoIPFile (<default>) is relative and will resolve to C:\Users\HomePC\Desktop\website Projects\lead generation automation\<default>. Is this what you wanted?
Aug 06 18:52:53.601 [warn] Path for GeoIPv6File (<default>) is relative and will resolve to C:\Users\HomePC\Desktop\website Projects\lead generation automation\<default>. Is this what you wanted?
Aug 06 18:52:53.601 [warn] ControlPort is open, but no authentication method has been configured.  This means that any program on your computer can reconfigure your Tor.  That's bad!  You should upgrade your Tor controller as soon as possible.
Aug 06 18:52:53.601 [notice] Opening Socks listener on 127.0.0.1:9050
Aug 06 18:52:53.601 [notice] Opened Socks listener connection (ready) on 127.0.0.1:9050
Aug 06 18:52:53.601 [notice] Opening Control listener on 127.0.0.1:9051
Aug 06 18:52:53.601 [notice] Opened Control listener connection (ready) on 127.0.0.1:9051
Aug 06 18:52:53.000 [notice] Set list of supported TLS groups to: ?*X25519MLKEM768 / ?SecP256r1MLKEM768 / *P-256:?X25519:P-224
Aug 06 18:52:53.000 [notice] Bootstrapped 0% (starting): Starting
Aug 06 18:53:01.000 [notice] Starting with guard context "default"
Aug 06 18:53:02.000 [notice] Bootstrapped 5% (conn): Connecting to a relay
Aug 06 18:53:02.000 [notice] Bootstrapped 10% (conn_done): Connected to a relay
Aug 06 18:53:03.000 [notice] Bootstrapped 14% (handshake): Handshaking with a relay
Aug 06 18:53:03.000 [notice] Bootstrapped 15% (handshake_done): Handshake with a relay done
Aug 06 18:53:03.000 [notice] Bootstrapped 75% (enough_dirinfo): Loaded enough directory info to build circuits
Aug 06 18:53:03.000 [notice] Bootstrapped 90% (ap_handshake_done): Handshake finished with a relay to build circuits
Aug 06 18:53:03.000 [notice] Bootstrapped 95% (circuit_create): Establishing a Tor circuit
Aug 06 18:53:04.000 [notice] Bootstrapped 100% (done): Done
Aug 07 06:57:33.000 [notice] Tor has been idle for 23364 seconds; assuming established circuits no longer work.
Aug 07 06:57:33.000 [notice] Heartbeat: Tor's uptime is 5:35 hours, with 0 circuits open. I've sent 420 kB and received 1005 kB. I've received 1 connections on IPv4 and 0 on IPv6. I've made 8 connections with IPv4 and 0 with IPv6.
Aug 07 06:57:33.000 [notice] While not bootstrapping, fetched this many bytes: 54552 (consensus network-status fetch); 519737 (microdescriptor fetch)
Aug 07 12:57:33.000 [notice] Heartbeat: Tor's uptime is 10:21 hours, with 1 circuits open. I've sent 439 kB and received 1.12 MB. I've received 2 connections on IPv4 and 0 on IPv6. I've made 13 connections with IPv4 and 0 with IPv6.
Aug 07 12:57:33.000 [notice] While not bootstrapping, fetched this many bytes: 164107 (consensus network-status fetch); 519737 (microdescriptor fetch)
Aug 07 16:46:23.000 [notice] Tor has been idle for 10396 seconds; assuming established circuits no longer work.
Aug 08 09:03:04.000 [notice] Tor has been idle for 53600 seconds; assuming established circuits no longer work.
Aug 08 09:03:07.000 [notice] Heartbeat: Tor's uptime is 12:40 hours, with 0 circuits open. I've sent 446 kB and received 1.17 MB. I've received 2 connections on IPv4 and 0 on IPv6. I've made 14 connections with IPv4 and 0 with IPv6.
Aug 08 09:03:07.000 [notice] While not bootstrapping, fetched this many bytes: 209536 (consensus network-status fetch); 519737 (microdescriptor fetch)
